%!Adobe-FontList 1.22
%Locale:0x40c

%BeginFont
Handler:DirectoryHandler
FontType:TrueType
FontName:Hack-Regular
FamilyName:Hack
StyleName:Regular
FullName:Hack Regular
MenuName:Hack
StyleBits:0
WritingScript:Roman
OutlineFileName:D:\Wendy\Documents\IMAC\IMAC 1\S2\Esthétique algorithmique\RECODING\Dossier V2\Document fonts\Hack-Regular.ttf
DataFormat:sfntData
hasSVG:no
VariableFontType:NonVariableFont
FileLength:383104
FileModTime:1647800620
WeightClass:400
WidthClass:5
AngleClass:0
NameArray:0,Mac,18,Hack Regular
NameArray:0,Mac,4,Hack Regular
NameArray:0,Win,1,Hack
%EndFont

%BeginFont
Handler:DirectoryHandler
FontType:TrueType
FontName:Helvetica-Bold
FamilyName:Helvetica
StyleName:Bold
FullName:Helvetica‭ ‬עבה
MenuName:Helvetica
StyleBits:0
WritingScript:Roman
OutlineFileName:D:\Wendy\Documents\IMAC\IMAC 1\S2\Esthétique algorithmique\RECODING\Dossier V2\Document fonts\Helvetica-Bold.ttf
DataFormat:sfntData
hasSVG:no
VariableFontType:NonVariableFont
FileLength:308628
FileModTime:1647794176
WeightClass:700
WidthClass:5
AngleClass:0
NameArray:0,Mac,18,Helvetica Bold
NameArray:0,Mac,4,Helvetica 
NameArray:0,Win,1,Helvetica
%EndFont

%BeginFont
Handler:DirectoryHandler
FontType:Type1
FontName:MinionPro-Regular
FamilyName:Minion Pro
StyleName:Regular
FullName:Minion Pro
MenuName:Minion Pro
StyleBits:0
WritingScript:Roman
OutlineFileName:D:\Wendy\Documents\IMAC\IMAC 1\S2\Esthétique algorithmique\RECODING\Dossier V2\Document fonts\MinionPro-Regular.otf
DataFormat:sfntData
UsesStandardEncoding:yes
isCFF:yes
hasSVG:no
VariableFontType:NonVariableFont
FileLength:205608
FileModTime:1551814974
WeightClass:400
WidthClass:5
AngleClass:0
DesignSize:110
NameArray:0,Mac,4,Minion Pro
NameArray:0,Win,1,Minion Pro
%EndFont

%BeginFont
Handler:DirectoryHandler
FontType:TrueType
FontName:Oswald
FamilyName:Oswald
StyleName:Book
FullName:Oswald 
MenuName:Oswald
StyleBits:0
WritingScript:Roman
OutlineFileName:D:\Wendy\Documents\IMAC\IMAC 1\S2\Esthétique algorithmique\RECODING\Dossier V2\Document fonts\oswald-_[allfont.net].ttf
DataFormat:sfntData
hasSVG:no
VariableFontType:NonVariableFont
FileLength:67556
FileModTime:1644081057
WeightClass:400
WidthClass:5
AngleClass:0
NameArray:0,Mac,18,Allerton
NameArray:0,Mac,4,Oswald 
NameArray:0,Win,1,Oswald
%EndFont

